2026-08-16 10:53:56.117301 INFO::Writing function arguments to log file
2026-08-16 10:53:56.118361 DEBUG::Function arguments
2026-08-16 10:53:56.118623 DEBUG::Output folder: PRJEB10878_Maaslin2_analysis
2026-08-16 10:53:56.118904 DEBUG::Min Abundance: 0.000000
2026-08-16 10:53:56.119159 DEBUG::Min Prevalence: 0.100000
2026-08-16 10:53:56.119401 DEBUG::Normalization: NONE
2026-08-16 10:53:56.119609 DEBUG::Transform: LOG
2026-08-16 10:53:56.119803 DEBUG::Analysis method: LM
2026-08-16 10:53:56.120268 DEBUG::Max significance: 0.250000
2026-08-16 10:53:56.120814 DEBUG::Random effects:
2026-08-16 10:53:56.121128 DEBUG::Fixed effects: config
2026-08-16 10:53:56.121387 DEBUG::Correction method: BH
2026-08-16 10:53:56.121624 DEBUG::Standardize: TRUE
2026-08-16 10:53:56.121907 DEBUG::Cores: 1
2026-08-16 10:53:56.122157 INFO::Verifying options selected are valid
2026-08-16 10:53:56.123151 INFO::Determining format of input files
2026-08-16 10:53:56.124236 INFO::Input format is data samples as columns and metadata samples as rows
2026-08-16 10:53:56.126849 DEBUG::Transformed data so samples are rows
2026-08-16 10:53:56.128031 DEBUG::A total of 128 samples were found in both the data and metadata
2026-08-16 10:53:56.128431 DEBUG::Reordering data/metadata to use same sample ordering
2026-08-16 10:53:56.131781 INFO::Formula for fixed effects: expr ~  config
2026-08-16 10:53:56.134184 INFO::Filter data based on min abundance and min prevalence
2026-08-16 10:53:56.135365 INFO::Total samples in data: 128
2026-08-16 10:53:56.136838 INFO::Min samples required with min abundance for a feature not to be filtered: 12.800000
2026-08-16 10:53:56.140506 INFO::Total filtered features: 84
2026-08-16 10:53:56.141872 INFO::Filtered feature names from abundance and prevalence filtering: UNKNOWN, g__Abiotrophia, g__Absiella, g__Actinobaculum, g__Aeromonas, g__Alloprevotella, g__Alloscardovia, g__Anaerobiospirillum, g__Anaerococcus, g__Anaerofilum, g__Anaerofustis, g__Anaeroglobus, g__Atlantibacter, g__Bulleidia, g__Butyricicoccus, g__Butyrivibrio, g__Campylobacter, g__Candidatus_Stoquefichus, g__Cardiobacterium, g__Carnobacterium, g__Catenibacterium, g__Cetobacterium, g__Chlamydia, g__Clostridioides, g__Comamonas, g__Corynebacterium, g__Criibacterium, g__Desulfovibrionaceae_unclassified, g__Dysgonomonas, g__Edwardsiella, g__Eggerthia, g__Eikenella, g__Erysipelothrix, g__Eubacteriaceae_unclassified, g__Faecalicatena, g__Faecalicoccus, g__Filifactor, g__Finegoldia, g__Gardnerella, g__Hafnia, g__Kluyvera, g__Lachnoanaerobaculum, g__Lautropia, g__Leptotrichia, g__Leuconostoc, g__Macrococcus, g__Marvinbryantia, g__Massiliomicrobiota, g__Methanosphaera, g__Mitsuokella, g__Monoglobus, g__Morganella, g__Murimonas, g__Neisseria, g__Pantoea, g__Paraclostridium, g__Parascardovia, g__Pediococcus, g__Peptoanaerobacter, g__Peptoniphilus, g__Pluralibacter, g__Propionibacterium, g__Proteus, g__Pseudomonas, g__Pseudopropionibacterium, g__Raoultella, g__Saccharomyces, g__Salmonella, g__Sanguibacteroides, g__Selenomonas, g__Serratia, g__Sharpea, g__Shewanella, g__Shuttleworthia, g__Sneathia, g__Sodalis, g__Stomatobaculum, g__Subdoligranulum, g__Succinatimonas, g__Synergistes, g__Terrisporobacter, g__Tissierellia_unclassified, g__Treponema, g__Victivallis
2026-08-16 10:53:56.145703 INFO::Total filtered features with variance filtering: 0
2026-08-16 10:53:56.146687 INFO::Filtered feature names from variance filtering:
2026-08-16 10:53:56.147677 INFO::Running selected normalization method: NONE
2026-08-16 10:53:56.149773 INFO::Applying z-score to standardize continuous metadata
2026-08-16 10:53:56.154538 INFO::Running selected transform method: LOG
2026-08-16 10:53:56.158911 INFO::Running selected analysis method: LM
2026-08-16 10:53:56.160305 INFO::Fitting model to feature number 1, g__Acidaminococcus
2026-08-16 10:53:56.166821 INFO::Fitting model to feature number 2, g__Actinomyces
2026-08-16 10:53:56.171623 INFO::Fitting model to feature number 3, g__Adlercreutzia
2026-08-16 10:53:56.174554 INFO::Fitting model to feature number 4, g__Aeriscardovia
2026-08-16 10:53:56.197261 INFO::Fitting model to feature number 5, g__Agathobaculum
2026-08-16 10:53:56.20544 INFO::Fitting model to feature number 6, g__Aggregatibacter
2026-08-16 10:53:56.212151 INFO::Fitting model to feature number 7, g__Akkermansia
2026-08-16 10:53:56.218184 INFO::Fitting model to feature number 8, g__Alistipes
2026-08-16 10:53:56.223927 INFO::Fitting model to feature number 9, g__Allisonella
2026-08-16 10:53:56.229827 INFO::Fitting model to feature number 10, g__Anaeromassilibacillus
2026-08-16 10:53:56.2361 INFO::Fitting model to feature number 11, g__Anaerostipes
2026-08-16 10:53:56.241569 INFO::Fitting model to feature number 12, g__Anaerotignum
2026-08-16 10:53:56.247375 INFO::Fitting model to feature number 13, g__Anaerotruncus
2026-08-16 10:53:56.25424 INFO::Fitting model to feature number 14, g__Asaccharobacter
2026-08-16 10:53:56.259979 INFO::Fitting model to feature number 15, g__Atopobium
2026-08-16 10:53:56.265861 INFO::Fitting model to feature number 16, g__Bacteroides
2026-08-16 10:53:56.272861 INFO::Fitting model to feature number 17, g__Barnesiella
2026-08-16 10:53:56.278226 INFO::Fitting model to feature number 18, g__Bifidobacterium
2026-08-16 10:53:56.284148 INFO::Fitting model to feature number 19, g__Bilophila
2026-08-16 10:53:56.29088 INFO::Fitting model to feature number 20, g__Blautia
2026-08-16 10:53:56.296613 INFO::Fitting model to feature number 21, g__Butyricimonas
2026-08-16 10:53:56.301549 INFO::Fitting model to feature number 22, g__Catabacter
2026-08-16 10:53:56.308137 INFO::Fitting model to feature number 23, g__Christensenella
2026-08-16 10:53:56.314057 INFO::Fitting model to feature number 24, g__Citrobacter
2026-08-16 10:53:56.321298 INFO::Fitting model to feature number 25, g__Cloacibacillus
2026-08-16 10:53:56.327332 INFO::Fitting model to feature number 26, g__Clostridiales_Family_XIII_Incertae_Sedis_unclassified
2026-08-16 10:53:56.333539 INFO::Fitting model to feature number 27, g__Clostridiales_unclassified
2026-08-16 10:53:56.339966 INFO::Fitting model to feature number 28, g__Clostridium
2026-08-16 10:53:56.345268 INFO::Fitting model to feature number 29, g__Collinsella
2026-08-16 10:53:56.351549 INFO::Fitting model to feature number 30, g__Coprobacillus
2026-08-16 10:53:56.358025 INFO::Fitting model to feature number 31, g__Coprobacter
2026-08-16 10:53:56.362148 INFO::Fitting model to feature number 32, g__Coprococcus
2026-08-16 10:53:56.366943 INFO::Fitting model to feature number 33, g__Denitrobacterium
2026-08-16 10:53:56.372878 INFO::Fitting model to feature number 34, g__Desulfovibrio
2026-08-16 10:53:56.376927 INFO::Fitting model to feature number 35, g__Dialister
2026-08-16 10:53:56.379923 INFO::Fitting model to feature number 36, g__Dielma
2026-08-16 10:53:56.383523 INFO::Fitting model to feature number 37, g__Dorea
2026-08-16 10:53:56.38799 INFO::Fitting model to feature number 38, g__Eggerthella
2026-08-16 10:53:56.392059 INFO::Fitting model to feature number 39, g__Eisenbergiella
2026-08-16 10:53:56.395638 INFO::Fitting model to feature number 40, g__Enorma
2026-08-16 10:53:56.400173 INFO::Fitting model to feature number 41, g__Enterobacter
2026-08-16 10:53:56.405509 INFO::Fitting model to feature number 42, g__Enterococcus
2026-08-16 10:53:56.410265 INFO::Fitting model to feature number 43, g__Enterorhabdus
2026-08-16 10:53:56.413559 INFO::Fitting model to feature number 44, g__Erysipelatoclostridium
2026-08-16 10:53:56.416439 INFO::Fitting model to feature number 45, g__Escherichia
2026-08-16 10:53:56.421321 INFO::Fitting model to feature number 46, g__Eubacterium
2026-08-16 10:53:56.424509 INFO::Fitting model to feature number 47, g__Faecalibacterium
2026-08-16 10:53:56.427406 INFO::Fitting model to feature number 48, g__Faecalitalea
2026-08-16 10:53:56.430233 INFO::Fitting model to feature number 49, g__Firmicutes_unclassified
2026-08-16 10:53:56.432892 INFO::Fitting model to feature number 50, g__Flavonifractor
2026-08-16 10:53:56.437232 INFO::Fitting model to feature number 51, g__Fretibacterium
2026-08-16 10:53:56.441434 INFO::Fitting model to feature number 52, g__Fusicatenibacter
2026-08-16 10:53:56.444204 INFO::Fitting model to feature number 53, g__Fusobacterium
2026-08-16 10:53:56.448432 INFO::Fitting model to feature number 54, g__Gemella
2026-08-16 10:53:56.452986 INFO::Fitting model to feature number 55, g__Gemmiger
2026-08-16 10:53:56.457602 INFO::Fitting model to feature number 56, g__Gordonibacter
2026-08-16 10:53:56.461812 INFO::Fitting model to feature number 57, g__Granulicatella
2026-08-16 10:53:56.465391 INFO::Fitting model to feature number 58, g__Haemophilus
2026-08-16 10:53:56.468774 INFO::Fitting model to feature number 59, g__Harryflintia
2026-08-16 10:53:56.471902 INFO::Fitting model to feature number 60, g__Holdemanella
2026-08-16 10:53:56.475998 INFO::Fitting model to feature number 61, g__Holdemania
2026-08-16 10:53:56.479417 INFO::Fitting model to feature number 62, g__Hungatella
2026-08-16 10:53:56.483043 INFO::Fitting model to feature number 63, g__Intestinibacter
2026-08-16 10:53:56.48729 INFO::Fitting model to feature number 64, g__Intestinimonas
2026-08-16 10:53:56.491198 INFO::Fitting model to feature number 65, g__Klebsiella
2026-08-16 10:53:56.495472 INFO::Fitting model to feature number 66, g__Lachnoclostridium
2026-08-16 10:53:56.499326 INFO::Fitting model to feature number 67, g__Lachnospira
2026-08-16 10:53:56.504545 INFO::Fitting model to feature number 68, g__Lachnospiraceae_unclassified
2026-08-16 10:53:56.5077 INFO::Fitting model to feature number 69, g__Lactobacillus
2026-08-16 10:53:56.51061 INFO::Fitting model to feature number 70, g__Lactococcus
2026-08-16 10:53:56.514516 INFO::Fitting model to feature number 71, g__Lactonifactor
2026-08-16 10:53:56.518538 INFO::Fitting model to feature number 72, g__Lawsonibacter
2026-08-16 10:53:56.521874 INFO::Fitting model to feature number 73, g__Megamonas
2026-08-16 10:53:56.524675 INFO::Fitting model to feature number 74, g__Megasphaera
2026-08-16 10:53:56.52747 INFO::Fitting model to feature number 75, g__Methanobrevibacter
2026-08-16 10:53:56.530166 INFO::Fitting model to feature number 76, g__Mogibacterium
2026-08-16 10:53:56.53476 INFO::Fitting model to feature number 77, g__Odoribacter
2026-08-16 10:53:56.539351 INFO::Fitting model to feature number 78, g__Olsenella
2026-08-16 10:53:56.54211 INFO::Fitting model to feature number 79, g__Oribacterium
2026-08-16 10:53:56.544827 INFO::Fitting model to feature number 80, g__Oscillibacter
2026-08-16 10:53:56.548635 INFO::Fitting model to feature number 81, g__Oxalobacter
2026-08-16 10:53:56.552746 INFO::Fitting model to feature number 82, g__Parabacteroides
2026-08-16 10:53:56.555625 INFO::Fitting model to feature number 83, g__Paraprevotella
2026-08-16 10:53:56.559883 INFO::Fitting model to feature number 84, g__Parasutterella
2026-08-16 10:53:56.563321 INFO::Fitting model to feature number 85, g__Parvimonas
2026-08-16 10:53:56.567399 INFO::Fitting model to feature number 86, g__Peptostreptococcus
2026-08-16 10:53:56.570872 INFO::Fitting model to feature number 87, g__Phascolarctobacterium
2026-08-16 10:53:56.574039 INFO::Fitting model to feature number 88, g__Porphyromonas
2026-08-16 10:53:56.576664 INFO::Fitting model to feature number 89, g__Prevotella
2026-08-16 10:53:56.579057 INFO::Fitting model to feature number 90, g__Proteobacteria_unclassified
2026-08-16 10:53:56.581578 INFO::Fitting model to feature number 91, g__Pseudoflavonifractor
2026-08-16 10:53:56.58479 INFO::Fitting model to feature number 92, g__Pyramidobacter
2026-08-16 10:53:56.588251 INFO::Fitting model to feature number 93, g__Romboutsia
2026-08-16 10:53:56.593051 INFO::Fitting model to feature number 94, g__Roseburia
2026-08-16 10:53:56.595626 INFO::Fitting model to feature number 95, g__Rothia
2026-08-16 10:53:56.598585 INFO::Fitting model to feature number 96, g__Ruminococcaceae_unclassified
2026-08-16 10:53:56.602325 INFO::Fitting model to feature number 97, g__Ruminococcus
2026-08-16 10:53:56.606192 INFO::Fitting model to feature number 98, g__Ruthenibacterium
2026-08-16 10:53:56.609416 INFO::Fitting model to feature number 99, g__Scardovia
2026-08-16 10:53:56.612215 INFO::Fitting model to feature number 100, g__Sellimonas
2026-08-16 10:53:56.616863 INFO::Fitting model to feature number 101, g__Slackia
2026-08-16 10:53:56.620498 INFO::Fitting model to feature number 102, g__Solobacterium
2026-08-16 10:53:56.62422 INFO::Fitting model to feature number 103, g__Streptococcus
2026-08-16 10:53:56.627297 INFO::Fitting model to feature number 104, g__Sutterella
2026-08-16 10:53:56.630123 INFO::Fitting model to feature number 105, g__Turicibacter
2026-08-16 10:53:56.63404 INFO::Fitting model to feature number 106, g__Turicimonas
2026-08-16 10:53:56.637003 INFO::Fitting model to feature number 107, g__Tyzzerella
2026-08-16 10:53:56.639436 INFO::Fitting model to feature number 108, g__Veillonella
2026-08-16 10:53:56.641809 INFO::Fitting model to feature number 109, g__Weissella
2026-08-16 10:53:56.659397 INFO::Counting total values for each feature
2026-08-16 10:53:56.667127 INFO::Writing filtered data to file PRJEB10878_Maaslin2_analysis/features/filtered_data.tsv
2026-08-16 10:53:56.680847 INFO::Writing filtered, normalized data to file PRJEB10878_Maaslin2_analysis/features/filtered_data_norm.tsv
2026-08-16 10:53:56.695207 INFO::Writing filtered, normalized, transformed data to file PRJEB10878_Maaslin2_analysis/features/filtered_data_norm_transformed.tsv
2026-08-16 10:53:56.713217 INFO::Writing residuals to file PRJEB10878_Maaslin2_analysis/fits/residuals.rds
2026-08-16 10:53:56.72001 INFO::Writing fitted values to file PRJEB10878_Maaslin2_analysis/fits/fitted.rds
2026-08-16 10:53:56.722421 INFO::Writing all results to file (ordered by increasing q-values): PRJEB10878_Maaslin2_analysis/all_results.tsv
2026-08-16 10:53:56.724884 INFO::Writing the significant results (those which are less than or equal to the threshold of 0.250000 ) to file (ordered by increasing q-values): PRJEB10878_Maaslin2_analysis/significant_results.tsv
2026-08-16 10:53:56.726516 INFO::Writing heatmap of significant results to file: PRJEB10878_Maaslin2_analysis/heatmap.pdf
2026-08-16 10:53:56.728308 INFO::Writing association plots (one for each significant association) to output folder: PRJEB10878_Maaslin2_analysis
2026-08-16 10:53:56.731102 INFO::Plotting associations from most to least significant, grouped by metadata
2026-08-16 10:53:56.732028 INFO::Plotting data for metadata number 1, config
2026-08-16 10:53:56.734185 INFO::Creating boxplot for categorical data, config vs g__Aeriscardovia
2026-08-16 10:53:57.050457 INFO::Creating boxplot for categorical data, config vs g__Klebsiella
2026-08-16 10:53:57.361976 INFO::Creating boxplot for categorical data, config vs g__Romboutsia
2026-08-16 10:53:57.664367 INFO::Creating boxplot for categorical data, config vs g__Escherichia
2026-08-16 10:53:58.090461 INFO::Creating boxplot for categorical data, config vs g__Bifidobacterium
